<html>
<body>
<pre>
<h1>µVision Build Log</h1>
<h2>Project:</h2>
N:\SE_350\manual_code\Context_Switching_UART\context_switching.uvproj
Project File Date:  02/12/2016

<h2>Output:</h2>
compiling k_process.c...
src\k_process.c - 0 Error(s), 0 Warning(s).
Rebuild target 'Context Switching SIM'
assembling startup_LPC17xx.s...
compiling system_LPC17xx.c...
compiling uart_polling.c...
compiling printf.c...
compiling main_svc.c...
compiling uart_irq.c...
compiling HAL.c...
compiling k_rtx_init.c...
compiling k_memory.c...
compiling k_process.c...
compiling k_priority_queue.c...
compiling usr_proc.c...
linking...
context_switching.axf: Error: L6218E: Undefined symbol k_null_process (referred from k_process.o).
Target not created
Rebuild target 'Context Switching SIM'
assembling startup_LPC17xx.s...
compiling system_LPC17xx.c...
compiling uart_polling.c...
compiling printf.c...
compiling main_svc.c...
compiling uart_irq.c...
compiling HAL.c...
compiling k_rtx_init.c...
compiling k_memory.c...
compiling k_process.c...
compiling k_priority_queue.c...
compiling null_process.c...
compiling usr_proc.c...
linking...
Program Size: Code=5096 RO-data=412 RW-data=68 ZI-data=820  
"context_switching.axf" - 0 Error(s), 0 Warning(s).
Rebuild target 'Context Switching SIM'
assembling startup_LPC17xx.s...
compiling system_LPC17xx.c...
compiling uart_polling.c...
compiling printf.c...
compiling main_svc.c...
compiling uart_irq.c...
compiling HAL.c...
compiling k_rtx_init.c...
compiling k_memory.c...
compiling k_process.c...
compiling k_priority_queue.c...
compiling null_process.c...
compiling usr_proc.c...
src\usr_proc.c(144): error:  #55-D: too many arguments in invocation of macro "uart0_put_string"
src\usr_proc.c(200): error: At end of source:  #18: expected a ")"
src\usr_proc.c(144): error:  #274: improperly terminated macro invocation
src\usr_proc.c(141): warning:  #177-D: variable "i" was declared but never referenced
src\usr_proc.c(142): warning:  #177-D: variable "p_mem_blks" was declared but never referenced
src\usr_proc.c(200): error: At end of source:  #67: expected a "}"
Target not created
Rebuild target 'Context Switching SIM'
assembling startup_LPC17xx.s...
compiling system_LPC17xx.c...
compiling uart_polling.c...
compiling printf.c...
compiling main_svc.c...
compiling uart_irq.c...
compiling HAL.c...
compiling k_rtx_init.c...
compiling k_memory.c...
compiling k_process.c...
compiling k_priority_queue.c...
compiling null_process.c...
compiling usr_proc.c...
src\usr_proc.c(144): error:  #55-D: too many arguments in invocation of macro "uart0_put_string"
src\usr_proc.c(149): error:  #55-D: too many arguments in invocation of macro "uart0_put_string"
Target not created
Rebuild target 'Context Switching SIM'
assembling startup_LPC17xx.s...
compiling system_LPC17xx.c...
compiling uart_polling.c...
compiling printf.c...
compiling main_svc.c...
compiling uart_irq.c...
compiling HAL.c...
compiling k_rtx_init.c...
compiling k_memory.c...
compiling k_process.c...
compiling k_priority_queue.c...
compiling null_process.c...
compiling usr_proc.c...
src\usr_proc.c(144): warning:  #167-D: argument of type "char *" is incompatible with parameter of type "unsigned char *"
src\usr_proc.c(149): error:  #31: expression must have integral type
Target not created
Rebuild target 'Context Switching SIM'
assembling startup_LPC17xx.s...
compiling system_LPC17xx.c...
compiling uart_polling.c...
compiling printf.c...
compiling main_svc.c...
compiling uart_irq.c...
compiling HAL.c...
compiling k_rtx_init.c...
compiling k_memory.c...
compiling k_process.c...
compiling k_priority_queue.c...
compiling null_process.c...
compiling usr_proc.c...
src\usr_proc.c(145): error:  #167: argument of type "int" is incompatible with parameter of type "unsigned char *"
Target not created
Rebuild target 'Context Switching SIM'
assembling startup_LPC17xx.s...
compiling system_LPC17xx.c...
compiling uart_polling.c...
compiling printf.c...
compiling main_svc.c...
compiling uart_irq.c...
compiling HAL.c...
compiling k_rtx_init.c...
compiling k_memory.c...
compiling k_process.c...
compiling k_priority_queue.c...
compiling null_process.c...
compiling usr_proc.c...
linking...
Program Size: Code=5136 RO-data=412 RW-data=68 ZI-data=820  
"context_switching.axf" - 0 Error(s), 0 Warning(s).
Rebuild target 'Context Switching SIM'
assembling startup_LPC17xx.s...
compiling system_LPC17xx.c...
compiling uart_polling.c...
compiling printf.c...
compiling main_svc.c...
compiling uart_irq.c...
compiling HAL.c...
compiling k_rtx_init.c...
compiling k_memory.c...
compiling k_process.c...
compiling k_priority_queue.c...
compiling null_process.c...
compiling usr_proc.c...
src\usr_proc.c(92): warning:  #550-D: variable "p_mem_blk" was set but never used
linking...
Program Size: Code=3784 RO-data=412 RW-data=60 ZI-data=820  
"context_switching.axf" - 0 Error(s), 1 Warning(s).
compiling k_process.c...
src\k_process.c - 0 Error(s), 0 Warning(s).
Rebuild target 'Context Switching SIM'
assembling startup_LPC17xx.s...
compiling system_LPC17xx.c...
compiling uart_polling.c...
compiling printf.c...
compiling main_svc.c...
compiling uart_irq.c...
compiling HAL.c...
compiling k_rtx_init.c...
compiling k_memory.c...
compiling k_process.c...
compiling k_priority_queue.c...
compiling null_process.c...
compiling usr_proc.c...
src\usr_proc.c(92): warning:  #550-D: variable "p_mem_blk" was set but never used
src\usr_proc.c(143): error:  #20: identifier "PID_3" is undefined
Target not created
compiling usr_proc.c...
src\usr_proc.c(92): warning:  #550-D: variable "p_mem_blk" was set but never used
src\usr_proc.c - 0 Error(s), 1 Warning(s).
Rebuild target 'Context Switching SIM'
assembling startup_LPC17xx.s...
compiling system_LPC17xx.c...
compiling uart_polling.c...
compiling printf.c...
compiling main_svc.c...
compiling uart_irq.c...
compiling HAL.c...
compiling k_rtx_init.c...
compiling k_memory.c...
compiling k_process.c...
compiling k_priority_queue.c...
compiling null_process.c...
compiling usr_proc.c...
src\usr_proc.c(92): warning:  #550-D: variable "p_mem_blk" was set but never used
linking...
Program Size: Code=3796 RO-data=412 RW-data=60 ZI-data=820  
"context_switching.axf" - 0 Error(s), 1 Warning(s).
