<html>
<body>
<pre>
<h1>µVision Build Log</h1>
<h2>Project:</h2>
N:\SE_350\OS_code\context_switching.uvproj
Project File Date:  02/12/2016

<h2>Output:</h2>
Build target 'Context Switching SIM'
assembling startup_LPC17xx.s...
compiling system_LPC17xx.c...
compiling uart_polling.c...
compiling printf.c...
compiling main_svc.c...
compiling uart_irq.c...
compiling HAL.c...
compiling k_rtx_init.c...
compiling k_memory.c...
compiling k_process.c...
compiling k_priority_queue.c...
compiling null_process.c...
compiling usr_proc.c...
linking...
Program Size: Code=5096 RO-data=412 RW-data=68 ZI-data=820  
"context_switching.axf" - 0 Error(s), 0 Warning(s).
Rebuild target 'Context Switching SIM'
assembling startup_LPC17xx.s...
compiling system_LPC17xx.c...
compiling uart_polling.c...
compiling printf.c...
compiling main_svc.c...
compiling uart_irq.c...
compiling HAL.c...
compiling k_rtx_init.c...
compiling k_memory.c...
compiling k_process.c...
compiling k_priority_queue.c...
compiling null_process.c...
compiling usr_proc.c...
linking...
Program Size: Code=5096 RO-data=412 RW-data=68 ZI-data=820  
"context_switching.axf" - 0 Error(s), 0 Warning(s).
Build target 'Context Switching SIM'
compiling k_process.c...
compiling usr_proc.c...
src\usr_proc.c(59): error:  #20: identifier "USR_SZ_STACK" is undefined
Target not created
Build target 'Context Switching SIM'
compiling usr_proc.c...
src\k_rtx.h(52): error:  #101: "proc_init" has already been declared in the current scope
src\k_rtx.h(58): error:  #256: invalid redeclaration of type name "PROC_INIT" (declared at line 51 of "src\rtx.h")
Target not created
Build target 'Context Switching SIM'
compiling main_svc.c...
compiling k_rtx_init.c...
compiling k_memory.c...
compiling k_process.c...
compiling k_priority_queue.c...
compiling null_process.c...
compiling usr_proc.c...
linking...
Program Size: Code=5096 RO-data=412 RW-data=68 ZI-data=820  
"context_switching.axf" - 0 Error(s), 0 Warning(s).
