<html>
<body>
<pre>
<h1>µVision Build Log</h1>
<h2>Project:</h2>
N:\SE_350\SE_350\OS_code\context_switching.uvproj
Project File Date:  03/01/2016

<h2>Output:</h2>
Build target 'Context Switching SIM'
compiling system_LPC17xx.c...
compiling uart_polling.c...
compiling printf.c...
compiling main_svc.c...
compiling uart_irq.c...
src\uart_irq.c(169): error:  #20: identifier "g_timer_count" is undefined
compiling HAL.c...
compiling k_rtx_init.c...
compiling k_memory.c...
compiling k_process.c...
compiling k_priority_queue.c...
compiling null_process.c...
compiling usr_proc.c...
Target not created
Build target 'Context Switching SIM'
compiling uart_irq.c...
linking...
Program Size: Code=5320 RO-data=412 RW-data=68 ZI-data=820  
"context_switching.axf" - 0 Error(s), 0 Warning(s).
Build target 'Context Switching SIM'
compiling uart_irq.c...
linking...
Program Size: Code=5360 RO-data=412 RW-data=68 ZI-data=820  
"context_switching.axf" - 0 Error(s), 0 Warning(s).
Build target 'Context Switching SIM'
compiling uart_irq.c...
linking...
Program Size: Code=5372 RO-data=412 RW-data=68 ZI-data=820  
"context_switching.axf" - 0 Error(s), 0 Warning(s).
Build target 'Context Switching SIM'
compiling uart_irq.c...
linking...
Program Size: Code=5424 RO-data=412 RW-data=76 ZI-data=820  
"context_switching.axf" - 0 Error(s), 0 Warning(s).
Build target 'Context Switching SIM'
compiling k_rtx_init.c...
src\k_rtx_init.c(19): warning:  #223-D: function "timer_init" declared implicitly
linking...
Program Size: Code=5428 RO-data=412 RW-data=76 ZI-data=820  
"context_switching.axf" - 0 Error(s), 1 Warning(s).
Build target 'Context Switching SIM'
compiling uart_irq.c...
compiling k_rtx_init.c...
src\k_rtx_init.c(17): warning:  #223-D: function "timer_init" declared implicitly
linking...
context_switching.axf: Error: L6218E: Undefined symbol timer_init (referred from k_rtx_init.o).
Target not created
Build target 'Context Switching SIM'
compiling k_rtx_init.c...
src\timer.h(9): error:  #20: identifier "uint32_t" is undefined
src\timer.h(9): error:  #20: identifier "uint8_t" is undefined
Target not created
Build target 'Context Switching SIM'
compiling k_rtx_init.c...
linking...
context_switching.axf: Error: L6218E: Undefined symbol timer_init (referred from k_rtx_init.o).
Target not created
Build target 'Context Switching SIM'
compiling uart_irq.c...
linking...
context_switching.axf: Error: L6218E: Undefined symbol timer_init (referred from k_rtx_init.o).
Target not created
Build target 'Context Switching SIM'
compiling k_rtx_init.c...
linking...
context_switching.axf: Error: L6218E: Undefined symbol timer_init (referred from k_rtx_init.o).
Target not created
Build target 'Context Switching SIM'
compiling k_rtx_init.c...
linking...
context_switching.axf: Error: L6218E: Undefined symbol timer_init (referred from k_rtx_init.o).
Target not created
Build target 'Context Switching SIM'
compiling k_rtx_init.c...
linking...
context_switching.axf: Error: L6218E: Undefined symbol timer_init (referred from k_rtx_init.o).
Target not created
Build target 'Context Switching SIM'
linking...
context_switching.axf: Error: L6218E: Undefined symbol timer_init (referred from k_rtx_init.o).
Target not created
Rebuild target 'Context Switching SIM'
assembling startup_LPC17xx.s...
compiling system_LPC17xx.c...
compiling uart_polling.c...
compiling printf.c...
compiling main_svc.c...
compiling uart_irq.c...
compiling HAL.c...
compiling k_rtx_init.c...
compiling k_memory.c...
compiling k_process.c...
compiling k_priority_queue.c...
compiling null_process.c...
compiling usr_proc.c...
linking...
context_switching.axf: Error: L6218E: Undefined symbol timer_init (referred from k_rtx_init.o).
Target not created
Rebuild target 'Context Switching SIM'
assembling startup_LPC17xx.s...
compiling system_LPC17xx.c...
compiling uart_polling.c...
compiling printf.c...
compiling main_svc.c...
compiling uart_irq.c...
compiling timer.c...
src\timer.c(15): error:  #77-D: this declaration has no storage class or type specifier
compiling HAL.c...
compiling k_rtx_init.c...
compiling k_memory.c...
compiling k_process.c...
compiling k_priority_queue.c...
compiling null_process.c...
compiling usr_proc.c...
Target not created
Build target 'Context Switching SIM'
compiling timer.c...
linking...
Program Size: Code=5388 RO-data=412 RW-data=72 ZI-data=816  
"context_switching.axf" - 0 Error(s), 0 Warning(s).
Build target 'Context Switching SIM'
compiling timer.c...
src\timer.c(118): warning:  #223-D: function "printf" declared implicitly
linking...
Program Size: Code=8212 RO-data=424 RW-data=84 ZI-data=1068  
"context_switching.axf" - 0 Error(s), 1 Warning(s).
Build target 'Context Switching SIM'
compiling timer.c...
linking...
Program Size: Code=5404 RO-data=412 RW-data=72 ZI-data=816  
"context_switching.axf" - 0 Error(s), 0 Warning(s).
Build target 'Context Switching SIM'
compiling timer.c...
linking...
Program Size: Code=5412 RO-data=412 RW-data=72 ZI-data=816  
"context_switching.axf" - 0 Error(s), 0 Warning(s).
